// Jest Snapshot v1, https://goo.gl/fbAQLP

exports[`renders correctly 1`] = `
<form
  className="ui form"
  onSubmit={[Function]}
>
  <div
    className="field"
  >
    <div
      className="ui input"
    >
      <input
        name="inputBox"
        onChange={[Function]}
        type="text"
      />
    </div>
  </div>
  <div
    className="field"
  >
    <div
      className="ui checkbox"
      onChange={[Function]}
      onClick={[Function]}
      onMouseDown={[Function]}
      onMouseUp={[Function]}
    >
      <input
        checked={false}
        className="hidden"
        name="checkbox"
        readOnly={true}
        tabIndex={0}
        type="checkbox"
      />
      <label>
        Find a single image
      </label>
    </div>
  </div>
  <div
    className="field"
  >
    <button
      className="ui button"
      onClick={[Function]}
      type="submit"
    >
      Search
    </button>
  </div>
</form>
`;
